2026-02-03 12:25:07.328 25932-8100  oubao.autopilot         com.roubao.autopilot                 I  This is non sticky GC, maxfree is 33554432 minfree is 8388608
2026-02-03 12:25:17.583 25932-8100  oubao.autopilot         com.roubao.autopilot                 I  This is sticky GC, maxfree is 33554432 minfree is 8388608
2026-02-03 12:25:27.173 25932-25932 System.out              com.roubao.autopilot                 I  [SkillManager] 解析意图响应失败: Value 用户想要发布一条小红书，内容是"今日份好心情"。我需要帮助用户完成这个任务。 of type java.lang.String cannot be converted to JSONObject
2026-02-03 12:25:27.173 25932-25932 System.out              com.roubao.autopilot                 I  [SkillManager] LLM 未匹配或无可用应用，回退到关键词匹配
2026-02-03 12:25:27.178 25932-25932 System.out              com.roubao.autopilot                 I  [肉包] 已初始化对话记忆
2026-02-03 12:25:27.178 25932-25932 System.out              com.roubao.autopilot                 I  [肉包] 未匹配到特定技能，使用通用 GUI 自动化
2026-02-03 12:25:27.178 25932-25932 System.out              com.roubao.autopilot                 I  [DeviceController] 通过 Shizuku 执行: wm size
2026-02-03 12:25:27.224 25932-25932 System.out              com.roubao.autopilot                 I  [DeviceController] Shizuku 执行结果: Physical size: 1440x3200
2026-02-03 12:25:27.224 25932-25932 System.out              com.roubao.autopilot                 I  Override size: 1080x2400
2026-02-03 12:25:27.225 25932-25932 System.out              com.roubao.autopilot                 I  [DeviceController] 通过 Shizuku 执行: dumpsys window displays | grep mCurrentOrientation
2026-02-03 12:25:27.278 25932-25932 System.out              com.roubao.autopilot                 I  [DeviceController] Shizuku 执行结果:
2026-02-03 12:25:27.279 25932-25932 System.out              com.roubao.autopilot                 I  [肉包] 屏幕尺寸: 1440x3200
2026-02-03 12:25:27.280 25932-25932 System.out              com.roubao.autopilot                 I  [肉包] 已加载 50 个应用
2026-02-03 12:25:27.289 25932-25932 System.out              com.roubao.autopilot                 I  [肉包]
2026-02-03 12:25:27.289 25932-25932 System.out              com.roubao.autopilot                 I  ========== Step 1 ==========
2026-02-03 12:25:27.290 25932-25932 System.out              com.roubao.autopilot                 I  [肉包] 截图中...
2026-02-03 12:25:27.331 25932-25932 FloatingWi...ternalStub com.roubao.autopilot                 W  enable_floating_window: false
2026-02-03 12:25:27.333 25932-8134  HWUI                    com.roubao.autopilot                 D  TAG_DDRE, CanvasContext::setDdreActivities:
2026-02-03 12:25:27.333 25932-25932 ViewRootImpl            com.roubao.autopilot                 I   use first frame acceleration
2026-02-03 12:25:27.338 25932-25932 System.out              com.roubao.autopilot                 I  [OverlayService] processPendingCallbacks: 0 pending
2026-02-03 12:25:27.352 25932-25932 VRI[]                   com.roubao.autopilot                 D  vri.reportNextDraw 0 Rect(100, 200 - 421, 282) android.view.ViewRootImpl.performTraversals:5606 android.view.ViewRootImpl.doTraversal:4159 android.view.ViewRootImpl$TraversalRunnable.run:12555 android.view.Choreographer$CallbackRecord.run:2040 android.view.Choreographer$CallbackRecord.run:2049
2026-02-03 12:25:27.352 25932-25932 VRI[]                   com.roubao.autopilot                 D  vri.Setup new sync=wmsSync-VRI[]#12
2026-02-03 12:25:27.357 25932-25932 VRI[]                   com.roubao.autopilot                 D  vri.reportDrawFinished 0 0 Rect(100, 200 - 421, 282)
2026-02-03 12:25:27.357 25932-25932 Choreographer           com.roubao.autopilot                 I  first vsync insert message into MessageQueue Head
2026-02-03 12:25:27.361 25932-8134  HWUI                    com.roubao.autopilot                 D  [HWUI] Flag vulkan_enhance_pipeline_cache enabled
2026-02-03 12:25:27.361 25932-8134  HWUI                    com.roubao.autopilot                 D  [HWUI] EnhanceVkPipelineCache is disabled
2026-02-03 12:25:27.361 25932-8134  HWUI                    com.roubao.autopilot                 D  [HWUI] Flag ddre enabled
2026-02-03 12:25:27.365 25932-25932 VRI[]                   com.roubao.autopilot                 D  getMiuiFreeformStackInfo mTmpFrames.miuiFreeFormStackInfo: null
2026-02-03 12:25:27.369 25932-8134  oubao.autopilot         com.roubao.autopilot                 W  Binder 0xb40000763b909400 destroyed after setInheritRt before being parceled.
2026-02-03 12:25:27.390 25932-8143  System.out              com.roubao.autopilot                 I  [DeviceController] 通过 Shizuku 执行: screencap -p /data/local/tmp/autopilot_screen.png && chmod 666 /data/local/tmp/autopilot_screen.png
2026-02-03 12:25:27.411 25932-8100  oubao.autopilot         com.roubao.autopilot                 I  This is non sticky GC, maxfree is 33554432 minfree is 8388608
2026-02-03 12:25:27.890 25932-8143  BpBinder                com.roubao.autopilot                 W  PerfMonitor binderTransact: time=499ms interface=com.roubao.autopilot.IShellService code=2
2026-02-03 12:25:27.890 25932-8143  System.out              com.roubao.autopilot                 I  [DeviceController] Shizuku 执行结果:
2026-02-03 12:25:28.392 25932-8143  System.out              com.roubao.autopilot                 I  [DeviceController] Reading screenshot from: /data/local/tmp/autopilot_screen.png, size: 187609
2026-02-03 12:25:28.432 25932-8143  HWUI                    com.roubao.autopilot                 W  Image decoding logging dropped!
2026-02-03 12:25:28.432 25932-25932 System.out              com.roubao.autopilot                 I  [肉包] Manager 规划中...
2026-02-03 12:25:28.433 25932-8143  SkJpegEncoder           com.roubao.autopilot                 I  [mId: 6644] skia-debug Enter SkJpegEncoder::Encode.
2026-02-03 12:25:28.433 25932-8143  SkJpegEncoder           com.roubao.autopilot                 I  [mId: 6644] skia-debug Enter SkJpegEncoder::Make and Options: { fQuality = 70 fDownsample = 0 fAlphaOption = 0};.
2026-02-03 12:25:28.433 25932-8143  SkJpegEncoder           com.roubao.autopilot                 I  [mId: 6644] skia-debug src.info is SkImageInfo: {IsRGB = 1, ColorType = 4, AlphaType = 2, Dimensions.width = 1080, Dimensions.height = 2400};.
2026-02-03 12:25:28.433 25932-8143  SkJpegEncoder           com.roubao.autopilot                 I  [mId: 0] skia-debug Create a new SkJpegEncoderImpl for parallel optimazition.
2026-02-03 12:25:28.433 25932-8143  SkJpegEncoder           com.roubao.autopilot                 I  [mId: 0] skia-debug Enter EncodeRows with numRows 2400, total iMCU rows 150.
2026-02-03 12:25:28.450 25932-8143  SkJpegEncoder           com.roubao.autopilot                 I  [mId: 0] skia-debug Going to write output data.
2026-02-03 12:25:28.450 25932-8143  SkJpegEncoder           com.roubao.autopilot                 I  [mId: 0] skia-debug Write output data done.
2026-02-03 12:25:28.450 25932-8143  SkJpegEncoder           com.roubao.autopilot                 I  [mId: 0] skia-debug Out EncodeRows.
2026-02-03 12:25:28.450 25932-8143  SkJpegEncoder           com.roubao.autopilot                 I  [mId: 6644] skia-debug Out SkJpegEncoder::Encode with parallelOptimize.
2026-02-03 12:25:28.451 25932-8143  System.out              com.roubao.autopilot                 I  [VLMClient] 图片压缩: 1080x2400, 92KB
2026-02-03 12:25:33.934 25932-25932 System.out              com.roubao.autopilot                 I  [肉包] 计划: The user wants me to post on Xiaohongshu (小红书) with the content "今日份好心情" (Today's good mood).
2026-02-03 12:25:33.935 25932-25932 System.out              com.roubao.autopilot                 I
2026-02-03 12:25:33.935 25932-25932 System.out              com.roubao.autopilot                 I  Curr...
2026-02-03 12:25:33.935 25932-25932 System.out              com.roubao.autopilot                 I  [肉包] Executor 决策中...
2026-02-03 12:25:33.936 25932-25932 SkJpegEncoder           com.roubao.autopilot                 I  [mId: 7947] skia-debug Enter SkJpegEncoder::Encode.
2026-02-03 12:25:33.936 25932-25932 SkJpegEncoder           com.roubao.autopilot                 I  [mId: 7947] skia-debug Enter SkJpegEncoder::Make and Options: { fQuality = 70 fDownsample = 0 fAlphaOption = 0};.
2026-02-03 12:25:33.936 25932-25932 SkJpegEncoder           com.roubao.autopilot                 I  [mId: 7947] skia-debug src.info is SkImageInfo: {IsRGB = 1, ColorType = 4, AlphaType = 2, Dimensions.width = 1080, Dimensions.height = 2400};.
2026-02-03 12:25:33.936 25932-25932 SkJpegEncoder           com.roubao.autopilot                 I  [mId: 1] skia-debug Create a new SkJpegEncoderImpl for parallel optimazition.
2026-02-03 12:25:33.936 25932-25932 SkJpegEncoder           com.roubao.autopilot                 I  [mId: 1] skia-debug Enter EncodeRows with numRows 2400, total iMCU rows 150.
2026-02-03 12:25:33.955 25932-25932 SkJpegEncoder           com.roubao.autopilot                 I  [mId: 1] skia-debug Going to write output data.
2026-02-03 12:25:33.956 25932-25932 SkJpegEncoder           com.roubao.autopilot                 I  [mId: 1] skia-debug Write output data done.
2026-02-03 12:25:33.956 25932-25932 SkJpegEncoder           com.roubao.autopilot                 I  [mId: 1] skia-debug Out EncodeRows.
2026-02-03 12:25:33.956 25932-25932 SkJpegEncoder           com.roubao.autopilot                 I  [mId: 7947] skia-debug Out SkJpegEncoder::Encode with parallelOptimize.
2026-02-03 12:25:33.957 25932-25932 System.out              com.roubao.autopilot                 I  [肉包] 记忆消息数: 2, 估算 token: 2710
2026-02-03 12:25:34.491 25932-8100  oubao.autopilot         com.roubao.autopilot                 I  This is sticky GC, maxfree is 33554432 minfree is 8388608
2026-02-03 12:25:37.719 25932-25932 System.out              com.roubao.autopilot                 I  [ConversationMemory] 已删除第 1 条消息的图片
2026-02-03 12:25:37.721 25932-25932 原始响应                    com.roubao.autopilot                 E  The user wants me to post on Xiaohongshu (小红书) with the content "今日份好心情" (Today's good mood).

                                                                                                    Currently, I can see the phone is in the "肉包" (Baozi) app, which appears to be some kind of automation or control interface. The screen shows "正在执行 Step 1" (Executing Step 1) and there's a "停止执行" (Stop Execution) button at the bottom.

                                                                                                    Looking at the system reminder, it says this is an Android phone. The user wants me to post on 小红书 (Xiaohongshu).

                                                                                                    I need to:
                                                                                                    1. First, launch the 小红书 app
                                                                                                    2. Navigate to the post-creation interface
                                                                                                    3. Enter the content "今日份好心情"
                                                                                                    4.Publish the post

                                                                                                    Let me start by launching the 小红书 app. According to the guidelines, I should use the OpenApp action to directly launch the app.
                                                                                                    do(action="Launch", app="小红书")
                                                                                                    executorResult:ExecutorResult(thought=The user wants me to post on Xiaohongshu (小红书) with the content "今日份好心情" (Today's good mood).

                                                                                                    Currently, I can see the phone is in the "肉包" (Baozi) app, which appears to be some kind of automation or control interface. The screen shows "正在执行 Step 1" (Executing Step 1) and there's a "停止执行" (Stop Execution) button at the bottom.

                                                                                                    Looking at the system reminder, it says this is an Android phone. The user wants me to post on 小红书 (Xiaohongshu).

                                                                                                    I need to:
                                                                                                    1. First, launch the 小红书 app
                                                                                                    2. Navigate to the post-creation interface
                                                                                                    3. Enter the content "今日份好心情"
                                                                                                    4.Publish the post

                                                                                                    Let me start by launching the 小红书 app. According to the guidelines, I should use the OpenApp action to directly launch the app., action={"action":"Launch","text":"小红书"}, actionStr={"action":"Launch","text":"小红书"}, description=Launch)
2026-02-03 12:25:37.721 25932-25932 System.out              com.roubao.autopilot                 I  [肉包] 思考: The user wants me to post on Xiaohongshu (小红书) with the content "今日份好心情" (Today'...
2026-02-03 12:25:37.721 25932-25932 System.out              com.roubao.autopilot                 I  [肉包] 动作: {"action":"Launch","text":"小红书"}
2026-02-03 12:25:37.721 25932-25932 System.out              com.roubao.autopilot                 I  [肉包] 描述: Launch
2026-02-03 12:25:37.721 25932-25932 System.out              com.roubao.autopilot                 I  [肉包] 执行动作: Launch
2026-02-03 12:25:37.722 25932-8143  System.out              com.roubao.autopilot                 I  [DeviceController] 通过 Shizuku 执行: wm size
2026-02-03 12:25:37.751 25932-25932 VRI[]                   com.roubao.autopilot                 D  getMiuiFreeformStackInfo mTmpFrames.miuiFreeFormStackInfo: null
2026-02-03 12:25:37.756 25932-8134  oubao.autopilot         com.roubao.autopilot                 W  Binder 0xb40000763b8cb120 destroyed after setInheritRt before being parceled.
2026-02-03 12:25:37.772 25932-8143  System.out              com.roubao.autopilot                 I  [DeviceController] Shizuku 执行结果: Physical size: 1440x3200
2026-02-03 12:25:37.772 25932-8143  System.out              com.roubao.autopilot                 I  Override size: 1080x2400
2026-02-03 12:25:37.773 25932-8143  System.out              com.roubao.autopilot                 I  [DeviceController] 通过 Shizuku 执行: dumpsys window displays | grep mCurrentOrientation
2026-02-03 12:25:37.810 25932-8143  System.out              com.roubao.autopilot                 I  [DeviceController] Shizuku 执行结果:
2026-02-03 12:25:37.817 25932-8143  System.out              com.roubao.autopilot                 I  [肉包] 找到应用: 小红书 -> com.xingin.xhs
2026-02-03 12:25:37.817 25932-8143  System.out              com.roubao.autopilot                 I  [DeviceController] 通过 Shizuku 执行: monkey -p com.xingin.xhs -c android.intent.category.LAUNCHER 1 2>/dev/null
2026-02-03 12:25:38.215 25932-8139  ContentCatcher          com.roubao.autopilot                 I  SettingTrigger : unregister status observer com.roubao.autopilot.MainActivity
2026-02-03 12:25:38.220  4703-6704  ActivityManagerWrapper  pid-4703                             E  getRecentTasksForceIncludingTaskIdIfValid: getRecentTasks: size=4
                                                                                                     mainTaskId=119   userId=0   windowMode=1   isExcludedFromRecents=false   baseIntent=Intent { act=android.intent.action.MAIN flag=270532608 cmp=ComponentInfo{com.xingin.xhs/com.xingin.xhs.index.v2.IndexActivityV2} }
                                                                                                     mainTaskId=117   userId=0   windowMode=1   isExcludedFromRecents=false   baseIntent=Intent { act=android.intent.action.MAIN flag=268435456 cmp=ComponentInfo{com.roubao.autopilot/com.roubao.autopilot.MainActivity} }
                                                                                                     mainTaskId=115   userId=0   windowMode=1   isExcludedFromRecents=false   baseIntent=Intent { act=android.intent.action.VIEW flag=872415232 cmp=ComponentInfo{com.taobao.idlefish/com.taobao.fleamarket.XiaoMiSystemMessageActivity} }
                                                                                                     mainTaskId=93   userId=0   windowMode=1   isExcludedFromRecents=false   baseIntent=Intent { act=android.intent.action.MAIN flag=270532608 cmp=ComponentInfo{com.luna.music/com.luna.biz.main.main.MainActivity} }
2026-02-03 12:25:38.221 25932-8139  ContentCatcher          com.roubao.autopilot                 I  SettingTrigger : unregisterUIAgentListener com.roubao.autopilot.MainActivity, uid:10425
2026-02-03 12:25:38.274  2616-5794  WindowManager           pid-2616                             E   source = Task{deb78b3 #117 type=standard A=10425:com.roubao.autopilot} excludeMiuiNavBar = true excludeMiuiStatusBar = true excludeIme = false excludeNavBar = true miuiNavSurfaceControl = Surface(name=NavigationBar Container of Task = 117#10970)/@0x97b1e70 miuiStatusSurfaceControl = Surface(name=StatusBar Container of Task = 117#10971)/@0x75245e9
2026-02-03 12:25:38.277 25932-8143  BpBinder                com.roubao.autopilot                 W  PerfMonitor binderTransact: time=459ms interface=com.roubao.autopilot.IShellService code=2
2026-02-03 12:25:38.277 25932-8143  System.out              com.roubao.autopilot                 I  [DeviceController] Shizuku 执行结果:   bash arg: -p
2026-02-03 12:25:38.277 25932-8143  System.out              com.roubao.autopilot                 I    bash arg: com.xingin.xhs
2026-02-03 12:25:38.277 25932-8143  System.out              com.roubao.autopilot                 I    bash arg: -c
2026-02-03 12:25:38.277 25932-8143  System.out              com.roubao.autopilot                 I    bash arg: android.intent.category.LAUNCHE
2026-02-03 12:25:38.277 25932-8143  System.out              com.roubao.autopilot                 I  [DeviceController] openApp: com.xingin.xhs -> com.xingin.xhs, result:   bash arg: -p
2026-02-03 12:25:38.277 25932-8143  System.out              com.roubao.autopilot                 I    bash arg: com.xingin.xhs
2026-02-03 12:25:38.277 25932-8143  System.out              com.roubao.autopilot                 I    bash arg: -c
2026-02-03 12:25:38.277 25932-8143  System.out              com.roubao.autopilot                 I    bash arg: android.intent.category.LAUNCHER
2026-02-03 12:25:38.277 25932-8143  System.out              com.roubao.autopilot                 I    bash arg: 1
2026-02-03 12:25:38.277 25932-8143  System.out              com.roubao.autopilot                 I  Events injected: 1
2026-02-03 12:25:38.277 25932-8143  System.out              com.roubao.autopilot                 I  ## Network stats: elapsed time=37ms (0ms mobile, 0ms wifi, 37ms not connected)
2026-02-03 12:25:38.326  4703-6704  ActivityManagerWrapper  pid-4703                             E  getRecentTasksForceIncludingTaskIdIfValid: getRecentTasks: size=4
                                                                                                     mainTaskId=119   userId=0   windowMode=1   isExcludedFromRecents=false   baseIntent=Intent { act=android.intent.action.MAIN flag=270532608 cmp=ComponentInfo{com.xingin.xhs/com.xingin.xhs.index.v2.IndexActivityV2} }
                                                                                                     mainTaskId=117   userId=0   windowMode=1   isExcludedFromRecents=false   baseIntent=Intent { act=android.intent.action.MAIN flag=268435456 cmp=ComponentInfo{com.roubao.autopilot/com.roubao.autopilot.MainActivity} }
                                                                                                     mainTaskId=115   userId=0   windowMode=1   isExcludedFromRecents=false   baseIntent=Intent { act=android.intent.action.VIEW flag=872415232 cmp=ComponentInfo{com.taobao.idlefish/com.taobao.fleamarket.XiaoMiSystemMessageActivity} }
                                                                                                     mainTaskId=93   userId=0   windowMode=1   isExcludedFromRecents=false   baseIntent=Intent { act=android.intent.action.MAIN flag=270532608 cmp=ComponentInfo{com.luna.music/com.luna.biz.main.main.MainActivity} }
2026-02-03 12:25:38.372  4703-6704  ActivityManagerWrapper  pid-4703                             E  getRecentTasksForceIncludingTaskIdIfValid: getRecentTasks: size=4
                                                                                                     mainTaskId=119   userId=0   windowMode=1   isExcludedFromRecents=false   baseIntent=Intent { act=android.intent.action.MAIN flag=270532608 cmp=ComponentInfo{com.xingin.xhs/com.xingin.xhs.index.v2.IndexActivityV2} }
                                                                                                     mainTaskId=117   userId=0   windowMode=1   isExcludedFromRecents=false   baseIntent=Intent { act=android.intent.action.MAIN flag=268435456 cmp=ComponentInfo{com.roubao.autopilot/com.roubao.autopilot.MainActivity} }
                                                                                                     mainTaskId=115   userId=0   windowMode=1   isExcludedFromRecents=false   baseIntent=Intent { act=android.intent.action.VIEW flag=872415232 cmp=ComponentInfo{com.taobao.idlefish/com.taobao.fleamarket.XiaoMiSystemMessageActivity} }
                                                                                                     mainTaskId=93   userId=0   windowMode=1   isExcludedFromRecents=false   baseIntent=Intent { act=android.intent.action.MAIN flag=270532608 cmp=ComponentInfo{com.luna.music/com.luna.biz.main.main.MainActivity} }
2026-02-03 12:25:39.121 25932-8134  oubao.autopilot         com.roubao.autopilot                 W  Binder 0xb40000763b90b8c0 destroyed after setInheritRt before being parceled.
2026-02-03 12:25:39.170 25932-8100  oubao.autopilot         com.roubao.autopilot                 I  This is non sticky GC, maxfree is 33554432 minfree is 8388608
2026-02-03 12:25:43.333 25932-25932 oubao.autopilot         com.roubao.autopilot                 W  Binder 0xb40000763b919180 destroyed after setInheritRt before being parceled.
2026-02-03 12:25:43.426 25932-8143  System.out              com.roubao.autopilot                 I  [DeviceController] 通过 Shizuku 执行: screencap -p /data/local/tmp/autopilot_screen.png && chmod 666 /data/local/tmp/autopilot_screen.png
2026-02-03 12:25:44.025 25932-8143  BpBinder                com.roubao.autopilot                 W  PerfMonitor binderTransact: time=599ms interface=com.roubao.autopilot.IShellService code=2
2026-02-03 12:25:44.025 25932-8143  System.out              com.roubao.autopilot                 I  [DeviceController] Shizuku 执行结果:
2026-02-03 12:25:44.526 25932-8143  System.out              com.roubao.autopilot                 I  [DeviceController] Reading screenshot from: /data/local/tmp/autopilot_screen.png, size: 1943936
2026-02-03 12:25:44.576 25932-8143  HWUI                    com.roubao.autopilot                 W  Image decoding logging dropped!
2026-02-03 12:25:44.577 25932-25932 System.out              com.roubao.autopilot                 I  [肉包] Reflector 反思中...
2026-02-03 12:25:44.578 25932-8143  SkJpegEncoder           com.roubao.autopilot                 I  [mId: 9584] skia-debug Enter SkJpegEncoder::Encode.
2026-02-03 12:25:44.578 25932-8143  SkJpegEncoder           com.roubao.autopilot                 I  [mId: 9584] skia-debug Enter SkJpegEncoder::Make and Options: { fQuality = 70 fDownsample = 0 fAlphaOption = 0};.
2026-02-03 12:25:44.578 25932-8143  SkJpegEncoder           com.roubao.autopilot                 I  [mId: 9584] skia-debug src.info is SkImageInfo: {IsRGB = 1, ColorType = 4, AlphaType = 2, Dimensions.width = 1080, Dimensions.height = 2400};.
2026-02-03 12:25:44.578 25932-8143  SkJpegEncoder           com.roubao.autopilot                 I  [mId: 2] skia-debug Create a new SkJpegEncoderImpl for parallel optimazition.
2026-02-03 12:25:44.578 25932-8143  SkJpegEncoder           com.roubao.autopilot                 I  [mId: 2] skia-debug Enter EncodeRows with numRows 2400, total iMCU rows 150.
2026-02-03 12:25:44.590 25932-8143  SkJpegEncoder           com.roubao.autopilot                 I  [mId: 2] skia-debug Going to write output data.
2026-02-03 12:25:44.590 25932-8143  SkJpegEncoder           com.roubao.autopilot                 I  [mId: 2] skia-debug Write output data done.
2026-02-03 12:25:44.590 25932-8143  SkJpegEncoder           com.roubao.autopilot                 I  [mId: 2] skia-debug Out EncodeRows.
2026-02-03 12:25:44.590 25932-8143  SkJpegEncoder           com.roubao.autopilot                 I  [mId: 9584] skia-debug Out SkJpegEncoder::Encode with parallelOptimize.
2026-02-03 12:25:44.590 25932-8143  System.out              com.roubao.autopilot                 I  [VLMClient] 图片压缩: 1080x2400, 92KB
2026-02-03 12:25:44.591 25932-8143  SkJpegEncoder           com.roubao.autopilot                 I  [mId: 9585] skia-debug Enter SkJpegEncoder::Encode.
2026-02-03 12:25:44.591 25932-8143  SkJpegEncoder           com.roubao.autopilot                 I  [mId: 9585] skia-debug Enter SkJpegEncoder::Make and Options: { fQuality = 70 fDownsample = 0 fAlphaOption = 0};.
2026-02-03 12:25:44.591 25932-8143  SkJpegEncoder           com.roubao.autopilot                 I  [mId: 9585] skia-debug src.info is SkImageInfo: {IsRGB = 1, ColorType = 4, AlphaType = 2, Dimensions.width = 1080, Dimensions.height = 2400};.
2026-02-03 12:25:44.591 25932-8143  SkJpegEncoder           com.roubao.autopilot                 I  [mId: 3] skia-debug Create a new SkJpegEncoderImpl for parallel optimazition.
2026-02-03 12:25:44.591 25932-8143  SkJpegEncoder           com.roubao.autopilot                 I  [mId: 3] skia-debug Enter EncodeRows with numRows 2400, total iMCU rows 150.
2026-02-03 12:25:44.602 25932-25932 VRI[]                   com.roubao.autopilot                 D  vri.reportNextDraw 0 Rect(100, 200 - 641, 282) android.view.ViewRootImpl.performTraversals:5606 android.view.ViewRootImpl.doTraversal:4159 android.view.ViewRootImpl$TraversalRunnable.run:12555 android.view.Choreographer$CallbackRecord.run:2040 android.view.Choreographer$CallbackRecord.run:2049
2026-02-03 12:25:44.602 25932-25932 VRI[]                   com.roubao.autopilot                 D  vri.Setup new sync=wmsSync-VRI[]#14
2026-02-03 12:25:44.604 25932-25932 VRI[]                   com.roubao.autopilot                 D  vri.reportDrawFinished 0 0 Rect(100, 200 - 641, 282)
2026-02-03 12:25:44.614 25932-8143  SkJpegEncoder           com.roubao.autopilot                 I  [mId: 3] skia-debug Going to write output data.
2026-02-03 12:25:44.614 25932-8143  SkJpegEncoder           com.roubao.autopilot                 I  [mId: 3] skia-debug Write output data done.
2026-02-03 12:25:44.614 25932-8143  SkJpegEncoder           com.roubao.autopilot                 I  [mId: 3] skia-debug Out EncodeRows.
2026-02-03 12:25:44.614 25932-8143  SkJpegEncoder           com.roubao.autopilot                 I  [mId: 9585] skia-debug Out SkJpegEncoder::Encode with parallelOptimize.
2026-02-03 12:25:44.615 25932-8143  System.out              com.roubao.autopilot                 I  [VLMClient] 图片压缩: 1080x2400, 348KB
2026-02-03 12:25:44.640 25932-8100  oubao.autopilot         com.roubao.autopilot                 I  This is sticky GC, maxfree is 33554432 minfree is 8388608
2026-02-03 12:25:54.697 25932-25932 System.out              com.roubao.autopilot                 I  [肉包] 结果: C -
2026-02-03 12:25:54.698 25932-25932 System.out              com.roubao.autopilot                 I  [肉包]
2026-02-03 12:25:54.698 25932-25932 System.out              com.roubao.autopilot                 I  ========== Step 2 ==========
2026-02-03 12:25:54.698 25932-25932 System.out              com.roubao.autopilot                 I  [肉包] 截图中...
2026-02-03 12:25:54.732 25932-25932 oubao.autopilot         com.roubao.autopilot                 W  Binder 0xb40000763b90c280 destroyed after setInheritRt before being parceled.
2026-02-03 12:25:54.767 25932-8100  oubao.autopilot         com.roubao.autopilot                 I  This is non sticky GC, maxfree is 33554432 minfree is 8388608
2026-02-03 12:25:54.799 25932-8143  System.out              com.roubao.autopilot                 I  [DeviceController] 通过 Shizuku 执行: screencap -p /data/local/tmp/autopilot_screen.png && chmod 666 /data/local/tmp/autopilot_screen.png
2026-02-03 12:25:55.501 25932-8143  BpBinder                com.roubao.autopilot                 W  PerfMonitor binderTransact: time=702ms interface=com.roubao.autopilot.IShellService code=2
2026-02-03 12:25:55.501 25932-8143  System.out              com.roubao.autopilot                 I  [DeviceController] Shizuku 执行结果:
2026-02-03 12:25:56.004 25932-8143  System.out              com.roubao.autopilot                 I  [DeviceController] Reading screenshot from: /data/local/tmp/autopilot_screen.png, size: 1943180
2026-02-03 12:25:56.068 25932-8143  HWUI                    com.roubao.autopilot                 W  Image decoding logging dropped!
2026-02-03 12:25:56.072 25932-25932 System.out              com.roubao.autopilot                 I  [肉包] Manager 规划中...
2026-02-03 12:25:56.075 25932-8143  SkJpegEncoder           com.roubao.autopilot                 I  [mId: 10801] skia-debug Enter SkJpegEncoder::Encode.
2026-02-03 12:25:56.075 25932-8143  SkJpegEncoder           com.roubao.autopilot                 I  [mId: 10801] skia-debug Enter SkJpegEncoder::Make and Options: { fQuality = 70 fDownsample = 0 fAlphaOption = 0};.
2026-02-03 12:25:56.075 25932-8143  SkJpegEncoder           com.roubao.autopilot                 I  [mId: 10801] skia-debug src.info is SkImageInfo: {IsRGB = 1, ColorType = 4, AlphaType = 2, Dimensions.width = 1080, Dimensions.height = 2400};.
2026-02-03 12:25:56.075 25932-8143  SkJpegEncoder           com.roubao.autopilot                 I  [mId: 4] skia-debug Create a new SkJpegEncoderImpl for parallel optimazition.
2026-02-03 12:25:56.075 25932-8143  SkJpegEncoder           com.roubao.autopilot                 I  [mId: 4] skia-debug Enter EncodeRows with numRows 2400, total iMCU rows 150.
2026-02-03 12:25:56.105 25932-8143  SkJpegEncoder           com.roubao.autopilot                 I  [mId: 4] skia-debug Going to write output data.
2026-02-03 12:25:56.106 25932-8143  SkJpegEncoder           com.roubao.autopilot                 I  [mId: 4] skia-debug Write output data done.
2026-02-03 12:25:56.106 25932-8143  SkJpegEncoder           com.roubao.autopilot                 I  [mId: 4] skia-debug Out EncodeRows.
2026-02-03 12:25:56.106 25932-8143  SkJpegEncoder           com.roubao.autopilot                 I  [mId: 10801] skia-debug Out SkJpegEncoder::Encode with parallelOptimize.
2026-02-03 12:25:56.106 25932-8143  System.out              com.roubao.autopilot                 I  [VLMClient] 图片压缩: 1080x2400, 348KB
2026-02-03 12:25:56.107 25932-25932 VRI[]                   com.roubao.autopilot                 D  vri.reportNextDraw 0 Rect(100, 200 - 515, 282) android.view.ViewRootImpl.performTraversals:5606 android.view.ViewRootImpl.doTraversal:4159 android.view.ViewRootImpl$TraversalRunnable.run:12555 android.view.Choreographer$CallbackRecord.run:2040 android.view.Choreographer$CallbackRecord.run:2049
2026-02-03 12:25:56.107 25932-25932 VRI[]                   com.roubao.autopilot                 D  vri.Setup new sync=wmsSync-VRI[]#16
2026-02-03 12:25:56.114 25932-25932 VRI[]                   com.roubao.autopilot                 D  vri.reportDrawFinished 0 0 Rect(100, 200 - 515, 282)
2026-02-03 12:25:56.141 25932-8100  oubao.autopilot         com.roubao.autopilot                 I  This is sticky GC, maxfree is 33554432 minfree is 8388608
2026-02-03 12:25:59.182 25932-25932 System.out              com.roubao.autopilot                 I  [肉包] 计划: Good! The Xiaohongshu app has opened successfully. I can see the main feed with various posts. Now I...
2026-02-03 12:25:59.182 25932-25932 System.out              com.roubao.autopilot                 I  [肉包] Executor 决策中...
2026-02-03 12:25:59.183 25932-25932 SkJpegEncoder           com.roubao.autopilot                 I  [mId: 11173] skia-debug Enter SkJpegEncoder::Encode.
2026-02-03 12:25:59.183 25932-25932 SkJpegEncoder           com.roubao.autopilot                 I  [mId: 11173] skia-debug Enter SkJpegEncoder::Make and Options: { fQuality = 70 fDownsample = 0 fAlphaOption = 0};.
2026-02-03 12:25:59.184 25932-25932 SkJpegEncoder           com.roubao.autopilot                 I  [mId: 11173] skia-debug src.info is SkImageInfo: {IsRGB = 1, ColorType = 4, AlphaType = 2, Dimensions.width = 1080, Dimensions.height = 2400};.
2026-02-03 12:25:59.184 25932-25932 SkJpegEncoder           com.roubao.autopilot                 I  [mId: 5] skia-debug Create a new SkJpegEncoderImpl for parallel optimazition.
2026-02-03 12:25:59.184 25932-25932 SkJpegEncoder           com.roubao.autopilot                 I  [mId: 5] skia-debug Enter EncodeRows with numRows 2400, total iMCU rows 150.
2026-02-03 12:25:59.237 25932-25932 SkJpegEncoder           com.roubao.autopilot                 I  [mId: 5] skia-debug Going to write output data.
2026-02-03 12:25:59.240 25932-25932 SkJpegEncoder           com.roubao.autopilot                 I  [mId: 5] skia-debug Write output data done.
2026-02-03 12:25:59.240 25932-25932 SkJpegEncoder           com.roubao.autopilot                 I  [mId: 5] skia-debug Out EncodeRows.
2026-02-03 12:25:59.240 25932-25932 SkJpegEncoder           com.roubao.autopilot                 I  [mId: 11173] skia-debug Out SkJpegEncoder::Encode with parallelOptimize.
2026-02-03 12:25:59.250 25932-25932 System.out              com.roubao.autopilot                 I  [肉包] 记忆消息数: 4, 估算 token: 4474
2026-02-03 12:25:59.298 25932-8100  oubao.autopilot         com.roubao.autopilot                 I  This is non sticky GC, maxfree is 33554432 minfree is 8388608
2026-02-03 12:26:05.791 25932-25932 System.out              com.roubao.autopilot                 I  [ConversationMemory] 已删除第 3 条消息的图片
2026-02-03 12:26:05.792 25932-25932 原始响应                    com.roubao.autopilot                 E  The user wants me to post on Xiaohongshu (小红书) with the content "今日份好心情" (Today's good mood).

                                                                                                    Currently, I can see the phone is in the "肉包" (Baozi) app, which appears to be some kind of automation or control interface. The screen shows "正在执行 Step 1" (Executing Step 1) and there's a "停止执行" (Stop Execution) button at the bottom.

                                                                                                    Looking at the system reminder, it says this is an Android phone. The user wants me to post on 小红书 (Xiaohongshu).

                                                                                                    I need to:
                                                                                                    1. First, launch the 小红书 app
                                                                                                    2. Navigate to the post-creation interface
                                                                                                    3. Enter the content "今日份好心情"
                                                                                                    4.Publish the post

                                                                                                    Let me start by launching the 小红书 app. According to the guidelines, I should use the OpenApp action to directly launch the app.
                                                                                                    do(action="Launch", app="小红书")
                                                                                                    executorResult:ExecutorResult(thought=The user wants me to post on Xiaohongshu (小红书) with the content "今日份好心情" (Today's good mood).

                                                                                                    Currently, I can see the phone is in the "肉包" (Baozi) app, which appears to be some kind of automation or control interface. The screen shows "正在执行 Step 1" (Executing Step 1) and there's a "停止执行" (Stop Execution) button at the bottom.

                                                                                                    Looking at the system reminder, it says this is an Android phone. The user wants me to post on 小红书 (Xiaohongshu).

                                                                                                    I need to:
                                                                                                    1. First, launch the 小红书 app
                                                                                                    2. Navigate to the post-creation interface
                                                                                                    3. Enter the content "今日份好心情"
                                                                                                    4.Publish the post

                                                                                                    Let me start by launching the 小红书 app. According to the guidelines, I should use the OpenApp action to directly launch the app., action={"action":"Launch","text":"小红书"}, actionStr={"action":"Launch","text":"小红书"}, description=Launch)
2026-02-03 12:26:05.792 25932-25932 System.out              com.roubao.autopilot                 I  [肉包] 思考: The user wants me to post on Xiaohongshu (小红书) with the content "今日份好心情" (Today'...
2026-02-03 12:26:05.792 25932-25932 System.out              com.roubao.autopilot                 I  [肉包] 动作: {"action":"Launch","text":"小红书"}
2026-02-03 12:26:05.792 25932-25932 System.out              com.roubao.autopilot                 I  [肉包] 描述: Launch
2026-02-03 12:26:05.792 25932-25932 System.out              com.roubao.autopilot                 I  [肉包] 执行动作: Launch
2026-02-03 12:26:05.794 25932-8143  System.out              com.roubao.autopilot                 I  [DeviceController] 通过 Shizuku 执行: wm size
2026-02-03 12:26:05.813 25932-25932 VRI[]                   com.roubao.autopilot                 D  getMiuiFreeformStackInfo mTmpFrames.miuiFreeFormStackInfo: null
2026-02-03 12:26:05.822 25932-8134  oubao.autopilot         com.roubao.autopilot                 W  Binder 0xb40000763b893080 destroyed after setInheritRt before being parceled.
2026-02-03 12:26:05.847 25932-8143  System.out              com.roubao.autopilot                 I  [DeviceController] Shizuku 执行结果: Physical size: 1440x3200
2026-02-03 12:26:05.847 25932-8143  System.out              com.roubao.autopilot                 I  Override size: 1080x2400
2026-02-03 12:26:05.848 25932-8143  System.out              com.roubao.autopilot                 I  [DeviceController] 通过 Shizuku 执行: dumpsys window displays | grep mCurrentOrientation
2026-02-03 12:26:05.887 25932-8143  System.out              com.roubao.autopilot                 I  [DeviceController] Shizuku 执行结果:
2026-02-03 12:26:05.903 25932-8143  System.out              com.roubao.autopilot                 I  [肉包] 找到应用: 小红书 -> com.xingin.xhs
2026-02-03 12:26:05.904 25932-8143  System.out              com.roubao.autopilot                 I  [DeviceController] 通过 Shizuku 执行: monkey -p com.xingin.xhs -c android.intent.category.LAUNCHER 1 2>/dev/null
2026-02-03 12:26:06.222 25932-8143  BpBinder                com.roubao.autopilot                 W  PerfMonitor binderTransact: time=319ms interface=com.roubao.autopilot.IShellService code=2
2026-02-03 12:26:06.223 25932-8143  System.out              com.roubao.autopilot                 I  [DeviceController] Shizuku 执行结果:   bash arg: -p
2026-02-03 12:26:06.223 25932-8143  System.out              com.roubao.autopilot                 I    bash arg: com.xingin.xhs
2026-02-03 12:26:06.223 25932-8143  System.out              com.roubao.autopilot                 I    bash arg: -c
2026-02-03 12:26:06.223 25932-8143  System.out              com.roubao.autopilot                 I    bash arg: android.intent.category.LAUNCHE
2026-02-03 12:26:06.223 25932-8143  System.out              com.roubao.autopilot                 I  [DeviceController] openApp: com.xingin.xhs -> com.xingin.xhs, result:   bash arg: -p
2026-02-03 12:26:06.223 25932-8143  System.out              com.roubao.autopilot                 I    bash arg: com.xingin.xhs
2026-02-03 12:26:06.223 25932-8143  System.out              com.roubao.autopilot                 I    bash arg: -c
2026-02-03 12:26:06.223 25932-8143  System.out              com.roubao.autopilot                 I    bash arg: android.intent.category.LAUNCHER
2026-02-03 12:26:06.223 25932-8143  System.out              com.roubao.autopilot                 I    bash arg: 1
2026-02-03 12:26:06.223 25932-8143  System.out              com.roubao.autopilot                 I  Events injected: 1
2026-02-03 12:26:06.223 25932-8143  System.out              com.roubao.autopilot                 I  ## Network stats: elapsed time=11ms (0ms mobile, 0ms wifi, 11ms not connected)
2026-02-03 12:26:08.250 25932-25932 oubao.autopilot         com.roubao.autopilot                 W  Binder 0xb40000763b918f40 destroyed after setInheritRt before being parceled.
2026-02-03 12:26:08.326 25932-8143  System.out              com.roubao.autopilot                 I  [DeviceController] 通过 Shizuku 执行: screencap -p /data/local/tmp/autopilot_screen.png && chmod 666 /data/local/tmp/autopilot_screen.png
2026-02-03 12:26:09.004 25932-8143  BpBinder                com.roubao.autopilot                 W  PerfMonitor binderTransact: time=678ms interface=com.roubao.autopilot.IShellService code=2
2026-02-03 12:26:09.005 25932-8143  System.out              com.roubao.autopilot                 I  [DeviceController] Shizuku 执行结果:
2026-02-03 12:26:09.507 25932-8143  System.out              com.roubao.autopilot                 I  [DeviceController] Reading screenshot from: /data/local/tmp/autopilot_screen.png, size: 1943274
2026-02-03 12:26:09.570 25932-8143  HWUI                    com.roubao.autopilot                 W  Image decoding logging dropped!
2026-02-03 12:26:09.573 25932-25932 System.out              com.roubao.autopilot                 I  [肉包] Reflector 反思中...
2026-02-03 12:26:09.574 25932-8143  SkJpegEncoder           com.roubao.autopilot                 I  [mId: 12248] skia-debug Enter SkJpegEncoder::Encode.
2026-02-03 12:26:09.574 25932-8143  SkJpegEncoder           com.roubao.autopilot                 I  [mId: 12248] skia-debug Enter SkJpegEncoder::Make and Options: { fQuality = 70 fDownsample = 0 fAlphaOption = 0};.
2026-02-03 12:26:09.574 25932-8143  SkJpegEncoder           com.roubao.autopilot                 I  [mId: 12248] skia-debug src.info is SkImageInfo: {IsRGB = 1, ColorType = 4, AlphaType = 2, Dimensions.width = 1080, Dimensions.height = 2400};.
2026-02-03 12:26:09.574 25932-8143  SkJpegEncoder           com.roubao.autopilot                 I  [mId: 6] skia-debug Create a new SkJpegEncoderImpl for parallel optimazition.
2026-02-03 12:26:09.574 25932-8143  SkJpegEncoder           com.roubao.autopilot                 I  [mId: 6] skia-debug Enter EncodeRows with numRows 2400, total iMCU rows 150.
2026-02-03 12:26:09.606 25932-25932 VRI[]                   com.roubao.autopilot                 D  vri.reportNextDraw 0 Rect(100, 200 - 641, 282) android.view.ViewRootImpl.performTraversals:5606 android.view.ViewRootImpl.doTraversal:4159 android.view.ViewRootImpl$TraversalRunnable.run:12555 android.view.Choreographer$CallbackRecord.run:2040 android.view.Choreographer$CallbackRecord.run:2049
2026-02-03 12:26:09.606 25932-25932 VRI[]                   com.roubao.autopilot                 D  vri.Setup new sync=wmsSync-VRI[]#18
2026-02-03 12:26:09.610 25932-8143  SkJpegEncoder           com.roubao.autopilot                 I  [mId: 6] skia-debug Going to write output data.
2026-02-03 12:26:09.611 25932-8143  SkJpegEncoder           com.roubao.autopilot                 I  [mId: 6] skia-debug Write output data done.
2026-02-03 12:26:09.611 25932-8143  SkJpegEncoder           com.roubao.autopilot                 I  [mId: 6] skia-debug Out EncodeRows.
2026-02-03 12:26:09.611 25932-8143  SkJpegEncoder           com.roubao.autopilot                 I  [mId: 12248] skia-debug Out SkJpegEncoder::Encode with parallelOptimize.
2026-02-03 12:26:09.612 25932-8143  System.out              com.roubao.autopilot                 I  [VLMClient] 图片压缩: 1080x2400, 348KB
2026-02-03 12:26:09.616 25932-8143  SkJpegEncoder           com.roubao.autopilot                 I  [mId: 12251] skia-debug Enter SkJpegEncoder::Encode.
2026-02-03 12:26:09.616 25932-8143  SkJpegEncoder           com.roubao.autopilot                 I  [mId: 12251] skia-debug Enter SkJpegEncoder::Make and Options: { fQuality = 70 fDownsample = 0 fAlphaOption = 0};.
2026-02-03 12:26:09.616 25932-8143  SkJpegEncoder           com.roubao.autopilot                 I  [mId: 12251] skia-debug src.info is SkImageInfo: {IsRGB = 1, ColorType = 4, AlphaType = 2, Dimensions.width = 1080, Dimensions.height = 2400};.
2026-02-03 12:26:09.616 25932-8143  SkJpegEncoder           com.roubao.autopilot                 I  [mId: 7] skia-debug Create a new SkJpegEncoderImpl for parallel optimazition.
2026-02-03 12:26:09.616 25932-8143  SkJpegEncoder           com.roubao.autopilot                 I  [mId: 7] skia-debug Enter EncodeRows with numRows 2400, total iMCU rows 150.
2026-02-03 12:26:09.617 25932-25932 VRI[]                   com.roubao.autopilot                 D  vri.reportDrawFinished 0 0 Rect(100, 200 - 641, 282)
2026-02-03 12:26:09.639 25932-8143  SkJpegEncoder           com.roubao.autopilot                 I  [mId: 7] skia-debug Going to write output data.
2026-02-03 12:26:09.640 25932-8143  SkJpegEncoder           com.roubao.autopilot                 I  [mId: 7] skia-debug Write output data done.
2026-02-03 12:26:09.640 25932-8143  SkJpegEncoder           com.roubao.autopilot                 I  [mId: 7] skia-debug Out EncodeRows.
2026-02-03 12:26:09.640 25932-8143  SkJpegEncoder           com.roubao.autopilot                 I  [mId: 12251] skia-debug Out SkJpegEncoder::Encode with parallelOptimize.
2026-02-03 12:26:09.640 25932-8143  System.out              com.roubao.autopilot                 I  [VLMClient] 图片压缩: 1080x2400, 348KB
2026-02-03 12:26:09.664 25932-8100  oubao.autopilot         com.roubao.autopilot                 I  This is sticky GC, maxfree is 33554432 minfree is 8388608
2026-02-03 12:26:41.550 25932-8100  oubao.autopilot         com.roubao.autopilot                 I  This is non sticky GC, maxfree is 33554432 minfree is 8388608
2026-02-03 12:26:48.888 25932-25932 System.out              com.roubao.autopilot                 I  [肉包] 结果: C -
2026-02-03 12:26:48.888 25932-25932 System.out              com.roubao.autopilot                 I  [肉包]
2026-02-03 12:26:48.888 25932-25932 System.out              com.roubao.autopilot                 I  ========== Step 3 ==========
2026-02-03 12:26:48.888 25932-25932 System.out              com.roubao.autopilot                 I  [肉包] 截图中...
2026-02-03 12:26:48.934 25932-25932 oubao.autopilot         com.roubao.autopilot                 W  Binder 0xb40000763b861ca0 destroyed after setInheritRt before being parceled.
2026-02-03 12:26:48.990 25932-8143  System.out              com.roubao.autopilot                 I  [DeviceController] 通过 Shizuku 执行: screencap -p /data/local/tmp/autopilot_screen.png && chmod 666 /data/local/tmp/autopilot_screen.png
2026-02-03 12:26:49.707 25932-8143  BpBinder                com.roubao.autopilot                 W  PerfMonitor binderTransact: time=716ms interface=com.roubao.autopilot.IShellService code=2
2026-02-03 12:26:49.707 25932-8143  System.out              com.roubao.autopilot                 I  [DeviceController] Shizuku 执行结果:
2026-02-03 12:26:50.208 25932-8143  System.out              com.roubao.autopilot                 I  [DeviceController] Reading screenshot from: /data/local/tmp/autopilot_screen.png, size: 1943278
2026-02-03 12:26:50.269 25932-8143  HWUI                    com.roubao.autopilot                 W  Image decoding logging dropped!
2026-02-03 12:26:50.269 25932-25932 System.out              com.roubao.autopilot                 I  [肉包] Manager 规划中...
2026-02-03 12:26:50.270 25932-8143  SkJpegEncoder           com.roubao.autopilot                 I  [mId: 16964] skia-debug Enter SkJpegEncoder::Encode.
2026-02-03 12:26:50.270 25932-8143  SkJpegEncoder           com.roubao.autopilot                 I  [mId: 16964] skia-debug Enter SkJpegEncoder::Make and Options: { fQuality = 70 fDownsample = 0 fAlphaOption = 0};.
2026-02-03 12:26:50.270 25932-8143  SkJpegEncoder           com.roubao.autopilot                 I  [mId: 16964] skia-debug src.info is SkImageInfo: {IsRGB = 1, ColorType = 4, AlphaType = 2, Dimensions.width = 1080, Dimensions.height = 2400};.
2026-02-03 12:26:50.270 25932-8143  SkJpegEncoder           com.roubao.autopilot                 I  [mId: 8] skia-debug Create a new SkJpegEncoderImpl for parallel optimazition.
2026-02-03 12:26:50.270 25932-8143  SkJpegEncoder           com.roubao.autopilot                 I  [mId: 8] skia-debug Enter EncodeRows with numRows 2400, total iMCU rows 150.
