2026-02-03 12:26:50.294 25932-25932 VRI[]                   com.roubao.autopilot                 D  vri.reportNextDraw 0 Rect(100, 200 - 516, 282) android.view.ViewRootImpl.performTraversals:5606 android.view.ViewRootImpl.doTraversal:4159 android.view.ViewRootImpl$TraversalRunnable.run:12555 android.view.Choreographer$CallbackRecord.run:2040 android.view.Choreographer$CallbackRecord.run:2049
2026-02-03 12:26:50.294 25932-25932 VRI[]                   com.roubao.autopilot                 D  vri.Setup new sync=wmsSync-VRI[]#20
2026-02-03 12:26:50.297 25932-25932 VRI[]                   com.roubao.autopilot                 D  vri.reportDrawFinished 0 0 Rect(100, 200 - 516, 282)
2026-02-03 12:26:50.299 25932-8143  SkJpegEncoder           com.roubao.autopilot                 I  [mId: 8] skia-debug Going to write output data.
2026-02-03 12:26:50.300 25932-8143  SkJpegEncoder           com.roubao.autopilot                 I  [mId: 8] skia-debug Write output data done.
2026-02-03 12:26:50.300 25932-8143  SkJpegEncoder           com.roubao.autopilot                 I  [mId: 8] skia-debug Out EncodeRows.
2026-02-03 12:26:50.300 25932-8143  SkJpegEncoder           com.roubao.autopilot                 I  [mId: 16964] skia-debug Out SkJpegEncoder::Encode with parallelOptimize.
2026-02-03 12:26:50.300 25932-8143  System.out              com.roubao.autopilot                 I  [VLMClient] 图片压缩: 1080x2400, 348KB
2026-02-03 12:26:53.809 25932-25932 System.out              com.roubao.autopilot                 I  [肉包] 计划: 用户想要发布一条小红书，内容是"今日份好心情"。我需要：
2026-02-03 12:26:53.809 25932-25932 System.out              com.roubao.autopilot                 I
2026-02-03 12:26:53.810 25932-25932 System.out              com.roubao.autopilot                 I  1. 首先点击底部的"+"按钮来创建新帖子
2026-02-03 12:26:53.810 25932-25932 System.out              com.roubao.autopilot                 I  2. 然后选择发布内容
2026-02-03 12:26:53.811 25932-25932 System.out              com.roubao.autopilot                 I  3. 输入文字"今日份好心情"
2026-02-03 12:26:53.811 25932-25932 System.out              com.roubao.autopilot                 I  4. 发布
2026-02-03 12:26:53.811 25932-25932 System.out              com.roubao.autopilot                 I
2026-02-03 12:26:53.811 25932-25932 System.out              com.roubao.autopilot                 I  从截图看，我现在在小红书的...
2026-02-03 12:26:53.811 25932-25932 System.out              com.roubao.autopilot                 I  [肉包] Executor 决策中...
2026-02-03 12:26:53.812 25932-25932 SkJpegEncoder           com.roubao.autopilot                 I  [mId: 17388] skia-debug Enter SkJpegEncoder::Encode.
2026-02-03 12:26:53.812 25932-25932 SkJpegEncoder           com.roubao.autopilot                 I  [mId: 17388] skia-debug Enter SkJpegEncoder::Make and Options: { fQuality = 70 fDownsample = 0 fAlphaOption = 0};.
2026-02-03 12:26:53.812 25932-25932 SkJpegEncoder           com.roubao.autopilot                 I  [mId: 17388] skia-debug src.info is SkImageInfo: {IsRGB = 1, ColorType = 4, AlphaType = 2, Dimensions.width = 1080, Dimensions.height = 2400};.
2026-02-03 12:26:53.812 25932-25932 SkJpegEncoder           com.roubao.autopilot                 I  [mId: 9] skia-debug Create a new SkJpegEncoderImpl for parallel optimazition.
2026-02-03 12:26:53.812 25932-25932 SkJpegEncoder           com.roubao.autopilot                 I  [mId: 9] skia-debug Enter EncodeRows with numRows 2400, total iMCU rows 150.
2026-02-03 12:26:53.856 25932-25932 SkJpegEncoder           com.roubao.autopilot                 I  [mId: 9] skia-debug Going to write output data.
2026-02-03 12:26:53.857 25932-25932 SkJpegEncoder           com.roubao.autopilot                 I  [mId: 9] skia-debug Write output data done.
2026-02-03 12:26:53.857 25932-25932 SkJpegEncoder           com.roubao.autopilot                 I  [mId: 9] skia-debug Out EncodeRows.
2026-02-03 12:26:53.857 25932-25932 SkJpegEncoder           com.roubao.autopilot                 I  [mId: 17388] skia-debug Out SkJpegEncoder::Encode with parallelOptimize.
2026-02-03 12:26:53.861 25932-25932 System.out              com.roubao.autopilot                 I  [肉包] 记忆消息数: 6, 估算 token: 6116
2026-02-03 12:26:53.875 25932-8100  oubao.autopilot         com.roubao.autopilot                 I  This is sticky GC, maxfree is 33554432 minfree is 8388608
2026-02-03 12:26:56.739 25932-8134  RenderInspector         com.roubao.autopilot                 W  QueueBuffer time out on , count=1, avg=16 ms, max=16 ms.
2026-02-03 12:26:58.862 25932-25932 System.out              com.roubao.autopilot                 I  [ConversationMemory] 已删除第 5 条消息的图片
2026-02-03 12:26:58.865 25932-25932 原始响应                    com.roubao.autopilot                 E  用户想要发布一条小红书，内容是"今日份好心情"。我需要：

                                                                                                    1. 首先点击底部的"+"按钮来创建新帖子
                                                                                                    2. 然后选择发布内容
                                                                                                    3. 输入文字"今日份好心情"
                                                                                                    4. 发布

                                                                                                    从截图看，我现在在小红书的首页，底部有一个红色的"+"按钮，位置大约在(499, 953)附近。我需要点击这个按钮来开始创建新帖子。

                                                                                                    根据指南，我需要：
                                                                                                    - 单次响应只能使用一个工具
                                                                                                    - 先点击"+"按钮

                                                                                                    让我先点击这个按钮。
                                                                                                    do(action="Tap", element=[499,953])
                                                                                                    executorResult:ExecutorResult(thought=用户想要发布一条小红书，内容是"今日份好心情"。我需要：

                                                                                                    1. 首先点击底部的"+"按钮来创建新帖子
                                                                                                    2. 然后选择发布内容
                                                                                                    3. 输入文字"今日份好心情"
                                                                                                    4. 发布

                                                                                                    从截图看，我现在在小红书的首页，底部有一个红色的"+"按钮，位置大约在(499, 953)附近。我需要点击这个按钮来开始创建新帖子。

                                                                                                    根据指南，我需要：
                                                                                                    - 单次响应只能使用一个工具
                                                                                                    - 先点击"+"按钮

                                                                                                    让我先点击这个按钮。, action={"action":"Tap","coordinate":[499,953]}, actionStr={"action":"Tap","coordinate":[499,953]}, description=Tap)
2026-02-03 12:26:58.866 25932-25932 System.out              com.roubao.autopilot                 I  [肉包] 思考: 用户想要发布一条小红书，内容是"今日份好心情"。我需要：
2026-02-03 12:26:58.866 25932-25932 System.out              com.roubao.autopilot                 I
2026-02-03 12:26:58.866 25932-25932 System.out              com.roubao.autopilot                 I  1. 首先点击底部的"+"按钮来创建新帖子
2026-02-03 12:26:58.866 25932-25932 System.out              com.roubao.autopilot                 I  2. 然后选择发布内容
2026-02-03 12:26:58.866 25932-25932 System.out              com.roubao.autopilot                 I  3. 输入文字"今日份好心情"
2026-02-03 12:26:58.866 25932-25932 System.out              com.roubao.autopilot                 I  ...
2026-02-03 12:26:58.866 25932-25932 System.out              com.roubao.autopilot                 I  [肉包] 动作: {"action":"Tap","coordinate":[499,953]}
2026-02-03 12:26:58.866 25932-25932 System.out              com.roubao.autopilot                 I  [肉包] 描述: Tap
2026-02-03 12:26:58.867 25932-25932 System.out              com.roubao.autopilot                 I  [肉包] 执行动作: Tap
2026-02-03 12:26:58.867 25932-8143  System.out              com.roubao.autopilot                 I  [DeviceController] 通过 Shizuku 执行: wm size
2026-02-03 12:26:58.896 25932-25932 VRI[]                   com.roubao.autopilot                 D  getMiuiFreeformStackInfo mTmpFrames.miuiFreeFormStackInfo: null
2026-02-03 12:26:58.902 25932-8134  oubao.autopilot         com.roubao.autopilot                 W  Binder 0xb40000763b90baa0 destroyed after setInheritRt before being parceled.
2026-02-03 12:26:58.917 25932-8143  System.out              com.roubao.autopilot                 I  [DeviceController] Shizuku 执行结果: Physical size: 1440x3200
2026-02-03 12:26:58.917 25932-8143  System.out              com.roubao.autopilot                 I  Override size: 1080x2400
2026-02-03 12:26:58.917 25932-8143  System.out              com.roubao.autopilot                 I  [DeviceController] 通过 Shizuku 执行: dumpsys window displays | grep mCurrentOrientation
2026-02-03 12:26:58.978 25932-8143  System.out              com.roubao.autopilot                 I  [DeviceController] Shizuku 执行结果:
2026-02-03 12:26:58.978 25932-8143  System.out              com.roubao.autopilot                 I  [肉包] 点击: (719, 3052), 屏幕尺寸: 1440x3200
2026-02-03 12:26:58.979 25932-8143  System.out              com.roubao.autopilot                 I  [DeviceController] 使用无障碍服务点击: (719, 3052)
2026-02-03 12:26:58.979 25932-8143  BaoziAccessibility      com.roubao.autopilot                 D  Click at: (719.0, 3052.0)
2026-02-03 12:27:01.027 25932-25932 oubao.autopilot         com.roubao.autopilot                 W  Binder 0xb40000763b918d60 destroyed after setInheritRt before being parceled.
2026-02-03 12:27:01.101 25932-8143  System.out              com.roubao.autopilot                 I  [DeviceController] 通过 Shizuku 执行: screencap -p /data/local/tmp/autopilot_screen.png && chmod 666 /data/local/tmp/autopilot_screen.png
2026-02-03 12:27:01.827 25932-8143  BpBinder                com.roubao.autopilot                 W  PerfMonitor binderTransact: time=725ms interface=com.roubao.autopilot.IShellService code=2
2026-02-03 12:27:01.827 25932-8143  System.out              com.roubao.autopilot                 I  [DeviceController] Shizuku 执行结果:
2026-02-03 12:27:02.330 25932-8143  System.out              com.roubao.autopilot                 I  [DeviceController] Reading screenshot from: /data/local/tmp/autopilot_screen.png, size: 1944120
2026-02-03 12:27:02.400 25932-8143  HWUI                    com.roubao.autopilot                 W  Image decoding logging dropped!
2026-02-03 12:27:02.402 25932-25932 System.out              com.roubao.autopilot                 I  [肉包] Reflector 反思中...
2026-02-03 12:27:02.406 25932-8143  SkJpegEncoder           com.roubao.autopilot                 I  [mId: 18241] skia-debug Enter SkJpegEncoder::Encode.
2026-02-03 12:27:02.406 25932-8143  SkJpegEncoder           com.roubao.autopilot                 I  [mId: 18241] skia-debug Enter SkJpegEncoder::Make and Options: { fQuality = 70 fDownsample = 0 fAlphaOption = 0};.
2026-02-03 12:27:02.406 25932-8143  SkJpegEncoder           com.roubao.autopilot                 I  [mId: 18241] skia-debug src.info is SkImageInfo: {IsRGB = 1, ColorType = 4, AlphaType = 2, Dimensions.width = 1080, Dimensions.height = 2400};.
2026-02-03 12:27:02.406 25932-8143  SkJpegEncoder           com.roubao.autopilot                 I  [mId: 10] skia-debug Create a new SkJpegEncoderImpl for parallel optimazition.
2026-02-03 12:27:02.406 25932-8143  SkJpegEncoder           com.roubao.autopilot                 I  [mId: 10] skia-debug Enter EncodeRows with numRows 2400, total iMCU rows 150.
2026-02-03 12:27:02.430 25932-25932 VRI[]                   com.roubao.autopilot                 D  vri.reportNextDraw 0 Rect(100, 200 - 515, 282) android.view.ViewRootImpl.performTraversals:5606 android.view.ViewRootImpl.doTraversal:4159 android.view.ViewRootImpl$TraversalRunnable.run:12555 android.view.Choreographer$CallbackRecord.run:2040 android.view.Choreographer$CallbackRecord.run:2049
2026-02-03 12:27:02.431 25932-25932 VRI[]                   com.roubao.autopilot                 D  vri.Setup new sync=wmsSync-VRI[]#22
2026-02-03 12:27:02.433 25932-8143  SkJpegEncoder           com.roubao.autopilot                 I  [mId: 10] skia-debug Going to write output data.
2026-02-03 12:27:02.433 25932-8143  SkJpegEncoder           com.roubao.autopilot                 I  [mId: 10] skia-debug Write output data done.
2026-02-03 12:27:02.433 25932-8143  SkJpegEncoder           com.roubao.autopilot                 I  [mId: 10] skia-debug Out EncodeRows.
2026-02-03 12:27:02.433 25932-8143  SkJpegEncoder           com.roubao.autopilot                 I  [mId: 18241] skia-debug Out SkJpegEncoder::Encode with parallelOptimize.
2026-02-03 12:27:02.434 25932-8143  System.out              com.roubao.autopilot                 I  [VLMClient] 图片压缩: 1080x2400, 348KB
2026-02-03 12:27:02.437 25932-25932 VRI[]                   com.roubao.autopilot                 D  vri.reportDrawFinished 0 0 Rect(100, 200 - 515, 282)
2026-02-03 12:27:02.437 25932-8143  SkJpegEncoder           com.roubao.autopilot                 I  [mId: 18244] skia-debug Enter SkJpegEncoder::Encode.
2026-02-03 12:27:02.437 25932-8143  SkJpegEncoder           com.roubao.autopilot                 I  [mId: 18244] skia-debug Enter SkJpegEncoder::Make and Options: { fQuality = 70 fDownsample = 0 fAlphaOption = 0};.
2026-02-03 12:27:02.437 25932-8143  SkJpegEncoder           com.roubao.autopilot                 I  [mId: 18244] skia-debug src.info is SkImageInfo: {IsRGB = 1, ColorType = 4, AlphaType = 2, Dimensions.width = 1080, Dimensions.height = 2400};.
2026-02-03 12:27:02.437 25932-8143  SkJpegEncoder           com.roubao.autopilot                 I  [mId: 11] skia-debug Create a new SkJpegEncoderImpl for parallel optimazition.
2026-02-03 12:27:02.437 25932-8143  SkJpegEncoder           com.roubao.autopilot                 I  [mId: 11] skia-debug Enter EncodeRows with numRows 2400, total iMCU rows 150.
2026-02-03 12:27:02.462 25932-8143  SkJpegEncoder           com.roubao.autopilot                 I  [mId: 11] skia-debug Going to write output data.
2026-02-03 12:27:02.462 25932-8143  SkJpegEncoder           com.roubao.autopilot                 I  [mId: 11] skia-debug Write output data done.
2026-02-03 12:27:02.462 25932-8143  SkJpegEncoder           com.roubao.autopilot                 I  [mId: 11] skia-debug Out EncodeRows.
2026-02-03 12:27:02.462 25932-8143  SkJpegEncoder           com.roubao.autopilot                 I  [mId: 18244] skia-debug Out SkJpegEncoder::Encode with parallelOptimize.
2026-02-03 12:27:02.462 25932-8143  System.out              com.roubao.autopilot                 I  [VLMClient] 图片压缩: 1080x2400, 348KB
2026-02-03 12:27:02.477 25932-8100  oubao.autopilot         com.roubao.autopilot                 I  This is non sticky GC, maxfree is 33554432 minfree is 8388608
2026-02-03 12:27:11.761 25932-25932 MIUIInput               com.roubao.autopilot                 I  [MotionEvent] ViewRootImpl windowName '', { action=ACTION_DOWN, id[0]=0, pointerCount=1, eventTime=16951828, downTime=16951828, phoneEventTime=12:27:11.751 } moveCount:0
2026-02-03 12:27:11.898 25932-25932 MIUIInput               com.roubao.autopilot                 I  [MotionEvent] ViewRootImpl windowName '', { action=ACTION_UP, id[0]=0, pointerCount=1, eventTime=16951969, downTime=16951828, phoneEventTime=12:27:11.892 } moveCount:7
2026-02-03 12:27:11.927 25932-25932 WindowOnBackDispatcher  com.roubao.autopilot                 W  sendCancelIfRunning: isInProgress=false callback=android.view.ViewRootImpl$$ExternalSyntheticLambda16@a240181
2026-02-03 12:27:11.931 25932-25932 oubao.autopilot         com.roubao.autopilot                 W  Binder 0xb40000763b916300 destroyed after setInheritRt before being parceled.
2026-02-03 12:27:12.571  4703-6704  ActivityManagerWrapper  pid-4703                             E  getRecentTasksForceIncludingTaskIdIfValid: getRecentTasks: size=4
                                                                                                     mainTaskId=119   userId=0   windowMode=1   isExcludedFromRecents=false   baseIntent=Intent { act=android.intent.action.MAIN flag=270532608 cmp=ComponentInfo{com.xingin.xhs/com.xingin.xhs.index.v2.IndexActivityV2} }
                                                                                                     mainTaskId=117   userId=0   windowMode=1   isExcludedFromRecents=false   baseIntent=Intent { act=android.intent.action.MAIN flag=268435456 cmp=ComponentInfo{com.roubao.autopilot/com.roubao.autopilot.MainActivity} }
                                                                                                     mainTaskId=115   userId=0   windowMode=1   isExcludedFromRecents=false   baseIntent=Intent { act=android.intent.action.VIEW flag=872415232 cmp=ComponentInfo{com.taobao.idlefish/com.taobao.fleamarket.XiaoMiSystemMessageActivity} }
                                                                                                     mainTaskId=93   userId=0   windowMode=1   isExcludedFromRecents=false   baseIntent=Intent { act=android.intent.action.MAIN flag=270532608 cmp=ComponentInfo{com.luna.music/com.luna.biz.main.main.MainActivity} }
2026-02-03 12:27:13.364 25932-8687  AppScoutStateMachine    com.roubao.autopilot                 D  25932-ScoutStateMachinecreated
2026-02-03 12:27:13.365 25932-25932 Activity                com.roubao.autopilot                 D  Activity = ActivityInfo{6f8736 com.roubao.autopilot.MainActivity}, Resume onConfigurationChanged = {1.0 460mcc1mnc [zh_CN] ldltr sw384dp w384dp h794dp 450dpi nrml long hdr widecg port finger -keyb/v/h -nav/h winConfig={ mBounds=Rect(0, 0 - 1080, 2400) mAppBounds=Rect(0, 121 - 1080, 2355) mMaxBounds=Rect(0, 0 - 1080, 2400) mDisplayRotation=ROTATION_0 mWindowingMode=fullscreen mActivityType=standard mAlwaysOnTop=undefined mRotation=ROTATION_0 mInSplitScreen=false letterBoxed=false foScaled=false isSpecificEmbedded=false embeddingScale=1.0} s.2 fontWeightAdjustment=0/d/o themeChanged=0 themeChangedFlags=0 display=0 extraData = Bundle[{}] screenType=0/o}
2026-02-03 12:27:13.366 25932-25932 SecurityManager         com.roubao.autopilot                 D  checkAccessControl flag0
2026-02-03 12:27:13.366 25932-8139  ContentCatcher          com.roubao.autopilot                 I  SettingTrigger : register screen QA status observer com.roubao.autopilot.MainActivity
2026-02-03 12:27:13.367 25932-8139  ContentCatcher          com.roubao.autopilot                 I  SettingTrigger : register global collect status observer com.roubao.autopilot.MainActivity
2026-02-03 12:27:13.367 25932-8139  ContentCatcher          com.roubao.autopilot                 I  SettingTrigger : registerUIAgentListener com.roubao.autopilot.MainActivity, uid:10425
2026-02-03 12:27:13.380 25932-25932 VRI[MainActivity]       com.roubao.autopilot                 D  vri.reportNextDraw 0 Rect(0, 0 - 1080, 2400) android.view.ViewRootImpl.performTraversals:5606 android.view.ViewRootImpl.doTraversal:4159 android.view.ViewRootImpl$TraversalRunnable.run:12555 android.view.Choreographer$CallbackRecord.run:2040 android.view.Choreographer$CallbackRecord.run:2049
2026-02-03 12:27:13.380 25932-25932 VRI[MainActivity]       com.roubao.autopilot                 D  vri.Setup new sync=wmsSync-VRI[MainActivity]#24
2026-02-03 12:27:13.392 25932-25932 VRI[MainActivity]       com.roubao.autopilot                 D  vri.reportDrawFinished 0 0 Rect(0, 0 - 1080, 2400)
2026-02-03 12:27:13.417  4703-6704  ActivityManagerWrapper  pid-4703                             E  getRecentTasksForceIncludingTaskIdIfValid: getRecentTasks: size=4
                                                                                                     mainTaskId=117   userId=0   windowMode=1   isExcludedFromRecents=false   baseIntent=Intent { act=android.intent.action.MAIN flag=268435456 cmp=ComponentInfo{com.roubao.autopilot/com.roubao.autopilot.MainActivity} }
                                                                                                     mainTaskId=119   userId=0   windowMode=1   isExcludedFromRecents=false   baseIntent=Intent { act=android.intent.action.MAIN flag=270532608 cmp=ComponentInfo{com.xingin.xhs/com.xingin.xhs.index.v2.IndexActivityV2} }
                                                                                                     mainTaskId=115   userId=0   windowMode=1   isExcludedFromRecents=false   baseIntent=Intent { act=android.intent.action.VIEW flag=872415232 cmp=ComponentInfo{com.taobao.idlefish/com.taobao.fleamarket.XiaoMiSystemMessageActivity} }
                                                                                                     mainTaskId=93   userId=0   windowMode=1   isExcludedFromRecents=false   baseIntent=Intent { act=android.intent.action.MAIN flag=270532608 cmp=ComponentInfo{com.luna.music/com.luna.biz.main.main.MainActivity} }
2026-02-03 12:27:13.467  9830-12723 SuggestManager          pid-9830                             E  openApp name = com.roubao.autopilot
2026-02-03 12:27:13.483 25932-25932 HandWritingStubImpl     com.roubao.autopilot                 I  refreshLastKeyboardType: 1
2026-02-03 12:27:13.483 25932-25932 HandWritingStubImpl     com.roubao.autopilot                 I  getCurrentKeyboardType: 1
2026-02-03 12:27:13.483  4703-6704  ActivityManagerWrapper  pid-4703                             E  getRecentTasksForceIncludingTaskIdIfValid: getRecentTasks: size=4
                                                                                                     mainTaskId=117   userId=0   windowMode=1   isExcludedFromRecents=false   baseIntent=Intent { act=android.intent.action.MAIN flag=268435456 cmp=ComponentInfo{com.roubao.autopilot/com.roubao.autopilot.MainActivity} }
                                                                                                     mainTaskId=119   userId=0   windowMode=1   isExcludedFromRecents=false   baseIntent=Intent { act=android.intent.action.MAIN flag=270532608 cmp=ComponentInfo{com.xingin.xhs/com.xingin.xhs.index.v2.IndexActivityV2} }
                                                                                                     mainTaskId=115   userId=0   windowMode=1   isExcludedFromRecents=false   baseIntent=Intent { act=android.intent.action.VIEW flag=872415232 cmp=ComponentInfo{com.taobao.idlefish/com.taobao.fleamarket.XiaoMiSystemMessageActivity} }
                                                                                                     mainTaskId=93   userId=0   windowMode=1   isExcludedFromRecents=false   baseIntent=Intent { act=android.intent.action.MAIN flag=270532608 cmp=ComponentInfo{com.luna.music/com.luna.biz.main.main.MainActivity} }
2026-02-03 12:27:13.506 25932-25932 InsetsController        com.roubao.autopilot                 D  hide(ime(), fromIme=false)
2026-02-03 12:27:13.506 25932-25932 ImeTracker              com.roubao.autopilot                 I  com.roubao.autopilot:5c26b498: onCancelled at PHASE_CLIENT_ALREADY_HIDDEN
2026-02-03 12:27:14.070 25932-25932 MIUIInput               com.roubao.autopilot                 I  [MotionEvent] ViewRootImpl windowName 'com.roubao.autopilot/com.roubao.autopilot.MainActivity', { action=ACTION_DOWN, id[0]=0, pointerCount=1, eventTime=16954145, downTime=16954145, phoneEventTime=12:27:14.068 } moveCount:0
2026-02-03 12:27:14.071 25932-25932 VRI[MainActivity]       com.roubao.autopilot                 D  getMiuiFreeformStackInfo mTmpFrames.miuiFreeFormStackInfo: null
2026-02-03 12:27:14.151 25932-25932 MIUIInput               com.roubao.autopilot                 I  [MotionEvent] ViewRootImpl windowName 'com.roubao.autopilot/com.roubao.autopilot.MainActivity', { action=ACTION_UP, id[0]=0, pointerCount=1, eventTime=16954226, downTime=16954145, phoneEventTime=12:27:14.148 } moveCount:1
